// Jest Snapshot v1, https://goo.gl/fbAQLP

exports[`App component renders without crashing 1`] = `
<View
  onLayout={[Function]}
  style={
    Array [
      Object {
        "flex": 1,
      },
      Object {
        "backgroundColor": "#FAFAFA",
      },
    ]
  }
/>
`;
